universe: 30 fixed survivor names, 8735 trading days 1992-01-02 .. 2026-09-11
names priced per day: min 30, median 30, days below 30: 0
member-days: 262050

McClellan oscillator range on full history: -5.32 .. 5.25 (std 1.38)

=== 1992-2000 bull ===
signal       h    n_sig  n_epi   effect%  p_naive    p_hac    p_clu p_nov_med   p_boot
zero-cross   5      171    343     -0.03   0.8572   0.8392   0.8667     0.579   0.8387
zero-cross   10     170    341     -0.11   0.6065   0.5357   0.6679     0.615   0.5413
zero-cross   20     168    337     +0.02   0.9529   0.9424   0.9661     0.499   0.9347
oversold     5      163    151     +0.36   0.0335   0.0823   0.0852     0.178   0.0763
oversold     10     163    151     +0.39   0.0610   0.1992   0.2511     0.481   0.1927
oversold     20     163    151     +0.21   0.5134   0.7243   0.7289     0.558   0.7163
overbought   5      164    145     -0.08   0.5665   0.6711   0.6906     0.702   0.6647
overbought   10     164    145     +0.08   0.6703   0.7865   0.8053     0.369   0.7907
overbought   20     164    145     -0.44   0.1265   0.3904   0.4531     0.367   0.3823

=== 2000-2010 sideways/bear ===
signal       h    n_sig  n_epi   effect%  p_naive    p_hac    p_clu p_nov_med   p_boot
zero-cross   5      247    495     -0.39   0.0374   0.0261   0.0583     0.235   0.0250
zero-cross   10     246    493     -0.45   0.0834   0.0342   0.1353     0.506   0.0320
zero-cross   20     245    491     -0.68   0.0778   0.0896   0.1451     0.639   0.0787
oversold     5      144    187     +0.85   0.0046   0.0091   0.0228     0.322   0.0120
oversold     10     144    187     +0.83   0.0245   0.0798   0.1375     0.426   0.0860
oversold     20     144    187     +2.00   0.0000   0.0034   0.0087     0.340   0.0027
overbought   5      131    127     +0.08   0.6915   0.7573   0.7908     0.739   0.7537
overbought   10     131    127     +0.38   0.1610   0.3698   0.4163     0.497   0.3737
overbought   20     131    127     +0.82   0.0275   0.2297   0.2436     0.412   0.2273

=== 2010-2016 bull ===
signal       h    n_sig  n_epi   effect%  p_naive    p_hac    p_clu p_nov_med   p_boot
zero-cross   5      142    285     -0.20   0.2174   0.1701   0.2680     0.358   0.1657
zero-cross   10     142    285     -0.28   0.2140   0.1513   0.2977     0.603   0.1487
zero-cross   20     142    284     -0.12   0.6941   0.6042   0.7523     0.696   0.6060
oversold     5       77     81     +0.60   0.1076   0.2958   0.3190     0.410   0.2903
oversold     10      77     81     +0.71   0.1000   0.3283   0.3418     0.647   0.3307
oversold     20      77     81     +1.49   0.0019   0.0288   0.0478     0.242   0.0300
overbought   5       92     81     +0.00   0.9880   0.9912   0.9914     0.687   0.9883
overbought   10      92     81     +0.30   0.1735   0.3876   0.4204     0.879   0.3860
overbought   20      92     81     -0.24   0.5221   0.7029   0.7309     0.764   0.6917

=== 2016-2026 bull ===
signal       h    n_sig  n_epi   effect%  p_naive    p_hac    p_clu p_nov_med   p_boot
zero-cross   5      220    441     -0.02   0.9186   0.9118   0.9259     0.560   0.9073
zero-cross   10     220    441     +0.20   0.3535   0.3092   0.4462     0.574   0.3017
zero-cross   20     218    437     +0.18   0.5494   0.4984   0.6343     0.596   0.5033
oversold     5      125    119     +0.04   0.9016   0.9378   0.9328     0.707   0.9430
oversold     10     125    119     -0.63   0.2592   0.5957   0.5657     0.527   0.6043
oversold     20     125    119     +0.27   0.6900   0.8444   0.8521     0.574   0.8480
overbought   5      140    109     +0.06   0.7088   0.7791   0.7680     0.854   0.7707
overbought   10     140    109     +0.15   0.5606   0.7327   0.7312     0.539   0.7243
overbought   20     140    109     -0.01   0.9735   0.9870   0.9859     0.556   0.9903

=== full history 1992-2026 ===
signal       h    n_sig  n_epi   effect%  p_naive    p_hac    p_clu p_nov_med   p_boot
zero-cross   5      808   1617     -0.17   0.0487   0.0331   0.0716     0.377   0.0367
zero-cross   10     808   1617     -0.17   0.1569   0.1076   0.2313     0.495   0.1157
zero-cross   20     806   1613     -0.21   0.2172   0.2086   0.3207     0.597   0.2067
oversold     5      603    613     +0.45   0.0008   0.0165   0.0206     0.081   0.0177
oversold     10     602    611     +0.26   0.1392   0.4185   0.4231     0.564   0.4040
oversold     20     602    611     +0.98   0.0000   0.0111   0.0246     0.197   0.0117
overbought   5      571    511     +0.03   0.7333   0.8023   0.8181     0.596   0.7927
overbought   10     571    511     +0.19   0.0956   0.2999   0.3330     0.491   0.2950
overbought   20     571    511     +0.09   0.5865   0.7716   0.7823     0.646   0.7767

=== verdict across all 45 rows ===
min p_hac      0.0034   (row: {'regime': '2000-2010 sideways/bear', 'signal': 'oversold', 'h': 20})
min p_clu      0.0087
min p_nov_med  0.0811
min p_boot     0.0027
rows with p_hac < 0.05: 8 of 45
rows with p_hac < 0.05 AND p_nov_med < 0.05: 0
largest |effect| 2.00%