
=== CMO < -30, h = 5 ===
regime                          n_sig  n_epi   effect%  p_naive    p_hac    p_clu p_nov_med   p_boot
1992-2000 bull                    126     79     +0.56   0.0018    0.006    0.001      0.18    0.009
2000-2010 sideways/bear           300    141     +0.30   0.1871    0.407    0.342      0.38    0.412
2010-2016 bull                    131     71     +0.68   0.0038    0.030    0.007      0.20    0.032
2016-2026 bull (main sample)      181    107     +0.23   0.4808    0.689    0.612      0.81    0.684
full history 1992-2026            742    401     +0.37   0.0052    0.086    0.038      0.23    0.082

=== CMO > 30, h = 5 ===
regime                          n_sig  n_epi   effect%  p_naive    p_hac    p_clu p_nov_med   p_boot
1992-2000 bull                    521    185     -0.21   0.0138    0.136    0.139      0.17    0.126
2000-2010 sideways/bear           372    165     -0.07   0.4705    0.663    0.717      0.66    0.642
2010-2016 bull                    414    121     -0.14   0.1014    0.315    0.310      0.51    0.311
2016-2026 bull (main sample)      644    225     -0.13   0.1468    0.383    0.351      0.44    0.369
full history 1992-2026           1958    699     -0.11   0.0181    0.156    0.189      0.33    0.148

=== CMO < -30, h = 10 ===
regime                          n_sig  n_epi   effect%  p_naive    p_hac    p_clu p_nov_med   p_boot
1992-2000 bull                    126     79     +1.05   0.0000    0.006    0.014      0.16    0.006
2000-2010 sideways/bear           300    141     +0.51   0.0901    0.361    0.422      0.62    0.361
2010-2016 bull                    131     71     +1.06   0.0003    0.016    0.014      0.18    0.021
2016-2026 bull (main sample)      180    105     +0.19   0.6630    0.818    0.736      0.75    0.825
full history 1992-2026            741    399     +0.57   0.0010    0.076    0.064      0.26    0.074

=== CMO > 30, h = 10 ===
regime                          n_sig  n_epi   effect%  p_naive    p_hac    p_clu p_nov_med   p_boot
1992-2000 bull                    521    185     -0.43   0.0003    0.072    0.089      0.28    0.067
2000-2010 sideways/bear           372    165     +0.06   0.6727    0.843    0.872      0.83    0.849
2010-2016 bull                    414    121     -0.31   0.0147    0.223    0.266      0.43    0.212
2016-2026 bull (main sample)      644    225     -0.33   0.0055    0.223    0.198      0.47    0.214
full history 1992-2026           1958    699     -0.19   0.0021    0.157    0.207      0.30    0.148

=== CMO < -30, h = 20 ===
regime                          n_sig  n_epi   effect%  p_naive    p_hac    p_clu p_nov_med   p_boot
1992-2000 bull                    126     79     +0.59   0.1276    0.520    0.574      0.51    0.499
2000-2010 sideways/bear           300    141     +1.97   0.0000    0.036    0.050      0.26    0.038
2010-2016 bull                    131     71     +2.15   0.0000    0.000    0.000      0.05    0.000
2016-2026 bull (main sample)      180    105     +1.53   0.0021    0.066    0.071      0.39    0.075
full history 1992-2026            741    399     +1.54   0.0000    0.001    0.002      0.10    0.001

=== CMO > 30, h = 20 ===
regime                          n_sig  n_epi   effect%  p_naive    p_hac    p_clu p_nov_med   p_boot
1992-2000 bull                    517    182     -0.18   0.2656    0.655    0.696      0.56    0.654
2000-2010 sideways/bear           371    164     +0.19   0.3490    0.714    0.770      0.76    0.710
2010-2016 bull                    414    121     -0.91   0.0000    0.044    0.055      0.25    0.044
2016-2026 bull (main sample)      643    223     -0.77   0.0000    0.101    0.097      0.33    0.097
full history 1992-2026           1957    697     -0.30   0.0011    0.219    0.294      0.43    0.207

=== the one borderline signal (CMO < -30, h = 20) across regimes ===
sign of effect consistent: yes
effect range: +0.59% .. +2.15%
p_hac range: 0.000 .. 0.520
p_nov_med range: 0.05 .. 0.51

rows significant at 5% on p_hac OR p_nov_med: 8 of 30
                 regime    signal  h  effect_pct    p_hac  p_nov_med
         1992-2000 bull CMO < -30  5    0.555910 0.006139   0.184861
         1992-2000 bull CMO < -30 10    1.045685 0.006055   0.155083
2000-2010 sideways/bear CMO < -30 20    1.969533 0.035939   0.257557
         2010-2016 bull CMO < -30  5    0.683908 0.029682   0.198994
         2010-2016 bull CMO < -30 10    1.056521 0.015767   0.180848
         2010-2016 bull CMO < -30 20    2.151274 0.000011   0.049580
         2010-2016 bull  CMO > 30 20   -0.907003 0.043729   0.250709
 full history 1992-2026 CMO < -30 20    1.539650 0.000999   0.104903

rows significant at 5% on the NAIVE test: 19 of 30
                      regime    signal  h  effect_pct      p_naive    p_hac  p_nov_med
              1992-2000 bull CMO < -30  5    0.555910 1.811823e-03 0.006139   0.184861
              1992-2000 bull CMO < -30 10    1.045685 1.785622e-05 0.006055   0.155083
              1992-2000 bull  CMO > 30  5   -0.212812 1.379376e-02 0.136279   0.174633
              1992-2000 bull  CMO > 30 10   -0.433086 2.637208e-04 0.071506   0.284940
     2000-2010 sideways/bear CMO < -30 20    1.969533 1.237671e-06 0.035939   0.257557
              2010-2016 bull CMO < -30  5    0.683908 3.803700e-03 0.029682   0.198994
              2010-2016 bull CMO < -30 10    1.056521 2.516982e-04 0.015767   0.180848
              2010-2016 bull CMO < -30 20    2.151274 1.518897e-11 0.000011   0.049580
              2010-2016 bull  CMO > 30 10   -0.306710 1.470204e-02 0.222613   0.432005
              2010-2016 bull  CMO > 30 20   -0.907003 1.021819e-06 0.043729   0.250709
2016-2026 bull (main sample) CMO < -30 20    1.533753 2.143138e-03 0.065888   0.390622
2016-2026 bull (main sample)  CMO > 30 10   -0.329821 5.498042e-03 0.223435   0.465180
2016-2026 bull (main sample)  CMO > 30 20   -0.768721 4.563463e-06 0.101421   0.325353
      full history 1992-2026 CMO < -30  5    0.367073 5.232673e-03 0.086046   0.234859
      full history 1992-2026 CMO < -30 10    0.569539 1.014890e-03 0.076469   0.262599
      full history 1992-2026 CMO < -30 20    1.539650 2.777089e-12 0.000999   0.104903
      full history 1992-2026  CMO > 30  5   -0.108965 1.805614e-02 0.155555   0.330461
      full history 1992-2026  CMO > 30 10   -0.192490 2.132955e-03 0.156873   0.296081
      full history 1992-2026  CMO > 30 20   -0.295869 1.060420e-03 0.219139   0.430044